<?xml version="1.0" encoding="ISO-8859-1" ?>
<link_info>
   <banner>TI ARM Linker PC v20.2.5.LTS</banner>
   <copyright>Copyright (c) 1996-2018 Texas Instruments Incorporated</copyright>
   <link_time>0x61b0c7af</link_time>
   <link_errors>0x0</link_errors>
   <output_file>Lab9.out</output_file>
   <entry_point>
      <name>_c_int00_noargs</name>
      <address>0x4f81</address>
   </entry_point>
   <input_file_list>
      <input_file id="fl-2">
         <path>.\</path>
         <kind>object</kind>
         <file>tm4c123gh6pm_startup_ccs.obj</file>
         <name>tm4c123gh6pm_startup_ccs.obj</name>
      </input_file>
      <input_file id="fl-3">
         <path>.\Project-8\</path>
         <kind>object</kind>
         <file>main.obj</file>
         <name>main.obj</name>
      </input_file>
      <input_file id="fl-4">
         <path>.\source\</path>
         <kind>object</kind>
         <file>7segDisplay.obj</file>
         <name>7segDisplay.obj</name>
      </input_file>
      <input_file id="fl-5">
         <path>.\source\</path>
         <kind>object</kind>
         <file>PLL.obj</file>
         <name>PLL.obj</name>
      </input_file>
      <input_file id="fl-6">
         <path>.\source\</path>
         <kind>object</kind>
         <file>ST7735.obj</file>
         <name>ST7735.obj</name>
      </input_file>
      <input_file id="fl-7">
         <path>.\source\</path>
         <kind>object</kind>
         <file>adc.obj</file>
         <name>adc.obj</name>
      </input_file>
      <input_file id="fl-8">
         <path>.\source\</path>
         <kind>object</kind>
         <file>displayLCD.obj</file>
         <name>displayLCD.obj</name>
      </input_file>
      <input_file id="fl-9">
         <path>.\source\</path>
         <kind>object</kind>
         <file>gpio.obj</file>
         <name>gpio.obj</name>
      </input_file>
      <input_file id="fl-a">
         <path>.\source\</path>
         <kind>object</kind>
         <file>uart.obj</file>
         <name>uart.obj</name>
      </input_file>
      <input_file id="fl-b">
         <path>.\source\</path>
         <kind>object</kind>
         <file>unitTest.obj</file>
         <name>unitTest.obj</name>
      </input_file>
      <input_file id="fl-10">
         <kind>object</kind>
         <file>&lt;internal&gt;</file>
         <name>&lt;internal&gt;</name>
      </input_file>
      <input_file id="fl-11">
         <path>C:\ti\TivaWare_C_Series-2.2.0.295\driverlib\ccs\Debug\</path>
         <kind>archive</kind>
         <file>driverlib.lib</file>
         <name>adc.obj</name>
      </input_file>
      <input_file id="fl-12">
         <path>C:\ti\TivaWare_C_Series-2.2.0.295\driverlib\ccs\Debug\</path>
         <kind>archive</kind>
         <file>driverlib.lib</file>
         <name>gpio.obj</name>
      </input_file>
      <input_file id="fl-13">
         <path>C:\ti\TivaWare_C_Series-2.2.0.295\driverlib\ccs\Debug\</path>
         <kind>archive</kind>
         <file>driverlib.lib</file>
         <name>interrupt.obj</name>
      </input_file>
      <input_file id="fl-14">
         <path>C:\ti\TivaWare_C_Series-2.2.0.295\driverlib\ccs\Debug\</path>
         <kind>archive</kind>
         <file>driverlib.lib</file>
         <name>sysctl.obj</name>
      </input_file>
      <input_file id="fl-15">
         <path>C:\ti\TivaWare_C_Series-2.2.0.295\driverlib\ccs\Debug\</path>
         <kind>archive</kind>
         <file>driverlib.lib</file>
         <name>uart.obj</name>
      </input_file>
      <input_file id="fl-16">
         <path>C:\ti\TivaWare_C_Series-2.2.0.295\driverlib\ccs\Debug\</path>
         <kind>archive</kind>
         <file>driverlib.lib</file>
         <name>cpu.obj</name>
      </input_file>
      <input_file id="fl-cc">
         <path>C:\ti\ccs1040\ccs\tools\compiler\ti-cgt-arm_20.2.5.LTS\lib\</path>
         <kind>archive</kind>
         <file>rtsv7M4_T_le_v4SPD16_eabi.lib</file>
         <name>s_cos.c.obj</name>
      </input_file>
      <input_file id="fl-cd">
         <path>C:\ti\ccs1040\ccs\tools\compiler\ti-cgt-arm_20.2.5.LTS\lib\</path>
         <kind>archive</kind>
         <file>rtsv7M4_T_le_v4SPD16_eabi.lib</file>
         <name>s_sin.c.obj</name>
      </input_file>
      <input_file id="fl-ce">
         <path>C:\ti\ccs1040\ccs\tools\compiler\ti-cgt-arm_20.2.5.LTS\lib\</path>
         <kind>archive</kind>
         <file>rtsv7M4_T_le_v4SPD16_eabi.lib</file>
         <name>fd_add_t2.asm.obj</name>
      </input_file>
      <input_file id="fl-cf">
         <path>C:\ti\ccs1040\ccs\tools\compiler\ti-cgt-arm_20.2.5.LTS\lib\</path>
         <kind>archive</kind>
         <file>rtsv7M4_T_le_v4SPD16_eabi.lib</file>
         <name>fd_cmp_t2.asm.obj</name>
      </input_file>
      <input_file id="fl-d0">
         <path>C:\ti\ccs1040\ccs\tools\compiler\ti-cgt-arm_20.2.5.LTS\lib\</path>
         <kind>archive</kind>
         <file>rtsv7M4_T_le_v4SPD16_eabi.lib</file>
         <name>fd_div_t2.asm.obj</name>
      </input_file>
      <input_file id="fl-d1">
         <path>C:\ti\ccs1040\ccs\tools\compiler\ti-cgt-arm_20.2.5.LTS\lib\</path>
         <kind>archive</kind>
         <file>rtsv7M4_T_le_v4SPD16_eabi.lib</file>
         <name>fd_mul_t2.asm.obj</name>
      </input_file>
      <input_file id="fl-d2">
         <path>C:\ti\ccs1040\ccs\tools\compiler\ti-cgt-arm_20.2.5.LTS\lib\</path>
         <kind>archive</kind>
         <file>rtsv7M4_T_le_v4SPD16_eabi.lib</file>
         <name>fd_toi_t2.asm.obj</name>
      </input_file>
      <input_file id="fl-d3">
         <path>C:\ti\ccs1040\ccs\tools\compiler\ti-cgt-arm_20.2.5.LTS\lib\</path>
         <kind>archive</kind>
         <file>rtsv7M4_T_le_v4SPD16_eabi.lib</file>
         <name>fd_tos_t2.asm.obj</name>
      </input_file>
      <input_file id="fl-d4">
         <path>C:\ti\ccs1040\ccs\tools\compiler\ti-cgt-arm_20.2.5.LTS\lib\</path>
         <kind>archive</kind>
         <file>rtsv7M4_T_le_v4SPD16_eabi.lib</file>
         <name>i_tofd_t2.asm.obj</name>
      </input_file>
      <input_file id="fl-d5">
         <path>C:\ti\ccs1040\ccs\tools\compiler\ti-cgt-arm_20.2.5.LTS\lib\</path>
         <kind>archive</kind>
         <file>rtsv7M4_T_le_v4SPD16_eabi.lib</file>
         <name>u_tofd_t2.asm.obj</name>
      </input_file>
      <input_file id="fl-d6">
         <path>C:\ti\ccs1040\ccs\tools\compiler\ti-cgt-arm_20.2.5.LTS\lib\</path>
         <kind>archive</kind>
         <file>rtsv7M4_T_le_v4SPD16_eabi.lib</file>
         <name>copy_zero_init.c.obj</name>
      </input_file>
      <input_file id="fl-d7">
         <path>C:\ti\ccs1040\ccs\tools\compiler\ti-cgt-arm_20.2.5.LTS\lib\</path>
         <kind>archive</kind>
         <file>rtsv7M4_T_le_v4SPD16_eabi.lib</file>
         <name>copy_decompress_none.c.obj</name>
      </input_file>
      <input_file id="fl-d8">
         <path>C:\ti\ccs1040\ccs\tools\compiler\ti-cgt-arm_20.2.5.LTS\lib\</path>
         <kind>archive</kind>
         <file>rtsv7M4_T_le_v4SPD16_eabi.lib</file>
         <name>copy_decompress_lzss.c.obj</name>
      </input_file>
      <input_file id="fl-d9">
         <path>C:\ti\ccs1040\ccs\tools\compiler\ti-cgt-arm_20.2.5.LTS\lib\</path>
         <kind>archive</kind>
         <file>rtsv7M4_T_le_v4SPD16_eabi.lib</file>
         <name>rand.c.obj</name>
      </input_file>
      <input_file id="fl-da">
         <path>C:\ti\ccs1040\ccs\tools\compiler\ti-cgt-arm_20.2.5.LTS\lib\</path>
         <kind>archive</kind>
         <file>rtsv7M4_T_le_v4SPD16_eabi.lib</file>
         <name>strcpy.c.obj</name>
      </input_file>
      <input_file id="fl-db">
         <path>C:\ti\ccs1040\ccs\tools\compiler\ti-cgt-arm_20.2.5.LTS\lib\</path>
         <kind>archive</kind>
         <file>rtsv7M4_T_le_v4SPD16_eabi.lib</file>
         <name>strlen.c.obj</name>
      </input_file>
      <input_file id="fl-dc">
         <path>C:\ti\ccs1040\ccs\tools\compiler\ti-cgt-arm_20.2.5.LTS\lib\</path>
         <kind>archive</kind>
         <file>rtsv7M4_T_le_v4SPD16_eabi.lib</file>
         <name>k_rem_pio2.c.obj</name>
      </input_file>
      <input_file id="fl-dd">
         <path>C:\ti\ccs1040\ccs\tools\compiler\ti-cgt-arm_20.2.5.LTS\lib\</path>
         <kind>archive</kind>
         <file>rtsv7M4_T_le_v4SPD16_eabi.lib</file>
         <name>boot_cortex_m.c.obj</name>
      </input_file>
      <input_file id="fl-de">
         <path>C:\ti\ccs1040\ccs\tools\compiler\ti-cgt-arm_20.2.5.LTS\lib\</path>
         <kind>archive</kind>
         <file>rtsv7M4_T_le_v4SPD16_eabi.lib</file>
         <name>k_cos.c.obj</name>
      </input_file>
      <input_file id="fl-df">
         <path>C:\ti\ccs1040\ccs\tools\compiler\ti-cgt-arm_20.2.5.LTS\lib\</path>
         <kind>archive</kind>
         <file>rtsv7M4_T_le_v4SPD16_eabi.lib</file>
         <name>k_sin.c.obj</name>
      </input_file>
      <input_file id="fl-e0">
         <path>C:\ti\ccs1040\ccs\tools\compiler\ti-cgt-arm_20.2.5.LTS\lib\</path>
         <kind>archive</kind>
         <file>rtsv7M4_T_le_v4SPD16_eabi.lib</file>
         <name>s_floor.c.obj</name>
      </input_file>
      <input_file id="fl-e1">
         <path>C:\ti\ccs1040\ccs\tools\compiler\ti-cgt-arm_20.2.5.LTS\lib\</path>
         <kind>archive</kind>
         <file>rtsv7M4_T_le_v4SPD16_eabi.lib</file>
         <name>s_scalbn.c.obj</name>
      </input_file>
      <input_file id="fl-e2">
         <path>C:\ti\ccs1040\ccs\tools\compiler\ti-cgt-arm_20.2.5.LTS\lib\</path>
         <kind>archive</kind>
         <file>rtsv7M4_T_le_v4SPD16_eabi.lib</file>
         <name>memcpy_t2.asm.obj</name>
      </input_file>
      <input_file id="fl-e3">
         <path>C:\ti\ccs1040\ccs\tools\compiler\ti-cgt-arm_20.2.5.LTS\lib\</path>
         <kind>archive</kind>
         <file>rtsv7M4_T_le_v4SPD16_eabi.lib</file>
         <name>memset_t2.asm.obj</name>
      </input_file>
      <input_file id="fl-e4">
         <path>C:\ti\ccs1040\ccs\tools\compiler\ti-cgt-arm_20.2.5.LTS\lib\</path>
         <kind>archive</kind>
         <file>rtsv7M4_T_le_v4SPD16_eabi.lib</file>
         <name>autoinit.c.obj</name>
      </input_file>
      <input_file id="fl-e5">
         <path>C:\ti\ccs1040\ccs\tools\compiler\ti-cgt-arm_20.2.5.LTS\lib\</path>
         <kind>archive</kind>
         <file>rtsv7M4_T_le_v4SPD16_eabi.lib</file>
         <name>pre_init.c.obj</name>
      </input_file>
      <input_file id="fl-e6">
         <path>C:\ti\ccs1040\ccs\tools\compiler\ti-cgt-arm_20.2.5.LTS\lib\</path>
         <kind>archive</kind>
         <file>rtsv7M4_T_le_v4SPD16_eabi.lib</file>
         <name>cpy_tbl.c.obj</name>
      </input_file>
      <input_file id="fl-e7">
         <path>C:\ti\ccs1040\ccs\tools\compiler\ti-cgt-arm_20.2.5.LTS\lib\</path>
         <kind>archive</kind>
         <file>rtsv7M4_T_le_v4SPD16_eabi.lib</file>
         <name>exit.c.obj</name>
      </input_file>
      <input_file id="fl-e8">
         <path>C:\ti\ccs1040\ccs\tools\compiler\ti-cgt-arm_20.2.5.LTS\lib\</path>
         <kind>archive</kind>
         <file>rtsv7M4_T_le_v4SPD16_eabi.lib</file>
         <name>_lock.c.obj</name>
      </input_file>
      <input_file id="fl-e9">
         <path>C:\ti\ccs1040\ccs\tools\compiler\ti-cgt-arm_20.2.5.LTS\lib\</path>
         <kind>archive</kind>
         <file>rtsv7M4_T_le_v4SPD16_eabi.lib</file>
         <name>args_main.c.obj</name>
      </input_file>
      <input_file id="fl-ea">
         <path>C:\ti\ccs1040\ccs\tools\compiler\ti-cgt-arm_20.2.5.LTS\lib\</path>
         <kind>archive</kind>
         <file>rtsv7M4_T_le_v4SPD16_eabi.lib</file>
         <name>errno.c.obj</name>
      </input_file>
      <input_file id="fl-eb">
         <path>C:\ti\ccs1040\ccs\tools\compiler\ti-cgt-arm_20.2.5.LTS\lib\</path>
         <kind>archive</kind>
         <file>rtsv7M4_T_le_v4SPD16_eabi.lib</file>
         <name>s_copysign.c.obj</name>
      </input_file>
   </input_file_list>
   <object_component_list>
      <object_component id="oc-12">
         <name>.intvecs</name>
         <load_address>0x0</load_address>
         <run_address>0x0</run_address>
         <size>0x26c</size>
         <input_file_ref idref="fl-2"/>
      </object_component>
      <object_component id="oc-e6">
         <name>.text</name>
         <load_address>0x26c</load_address>
         <run_address>0x26c</run_address>
         <size>0x13f0</size>
         <input_file_ref idref="fl-6"/>
      </object_component>
      <object_component id="oc-9b">
         <name>.text</name>
         <load_address>0x165c</load_address>
         <run_address>0x165c</run_address>
         <size>0xe0c</size>
         <input_file_ref idref="fl-3"/>
      </object_component>
      <object_component id="oc-288">
         <name>.text:__kernel_rem_pio2</name>
         <load_address>0x2468</load_address>
         <run_address>0x2468</run_address>
         <size>0x738</size>
         <input_file_ref idref="fl-dc"/>
      </object_component>
      <object_component id="oc-11d">
         <name>.text:sin</name>
         <load_address>0x2ba0</load_address>
         <run_address>0x2ba0</run_address>
         <size>0x5e0</size>
         <input_file_ref idref="fl-cd"/>
      </object_component>
      <object_component id="oc-112">
         <name>.text:cos</name>
         <load_address>0x3180</load_address>
         <run_address>0x3180</run_address>
         <size>0x5dc</size>
         <input_file_ref idref="fl-cc"/>
      </object_component>
      <object_component id="oc-da">
         <name>.text</name>
         <load_address>0x375c</load_address>
         <run_address>0x375c</run_address>
         <size>0x220</size>
         <input_file_ref idref="fl-a"/>
      </object_component>
      <object_component id="oc-ce">
         <name>.text</name>
         <load_address>0x397c</load_address>
         <run_address>0x397c</run_address>
         <size>0x1c0</size>
         <input_file_ref idref="fl-7"/>
      </object_component>
      <object_component id="oc-103">
         <name>.text</name>
         <load_address>0x3b3c</load_address>
         <run_address>0x3b3c</run_address>
         <size>0x1b6</size>
         <input_file_ref idref="fl-ce"/>
      </object_component>
      <object_component id="oc-34f">
         <name>.text:_nop</name>
         <load_address>0x3cf2</load_address>
         <run_address>0x3cf2</run_address>
         <size>0x2</size>
         <input_file_ref idref="fl-e8"/>
      </object_component>
      <object_component id="oc-28e">
         <name>.text:__kernel_sin</name>
         <load_address>0x3cf4</load_address>
         <run_address>0x3cf4</run_address>
         <size>0x174</size>
         <input_file_ref idref="fl-df"/>
      </object_component>
      <object_component id="oc-27d">
         <name>.text:__kernel_cos</name>
         <load_address>0x3e68</load_address>
         <run_address>0x3e68</run_address>
         <size>0x170</size>
         <input_file_ref idref="fl-de"/>
      </object_component>
      <object_component id="oc-29e">
         <name>.text:GPIOPadConfigSet</name>
         <load_address>0x3fd8</load_address>
         <run_address>0x3fd8</run_address>
         <size>0x16c</size>
         <input_file_ref idref="fl-12"/>
      </object_component>
      <object_component id="oc-d4">
         <name>.text</name>
         <load_address>0x4144</load_address>
         <run_address>0x4144</run_address>
         <size>0x150</size>
         <input_file_ref idref="fl-9"/>
      </object_component>
      <object_component id="oc-fe">
         <name>.text</name>
         <load_address>0x4294</load_address>
         <run_address>0x4294</run_address>
         <size>0x136</size>
         <input_file_ref idref="fl-d0"/>
      </object_component>
      <object_component id="oc-215">
         <name>.text:SysCtlClockGet</name>
         <load_address>0x43cc</load_address>
         <run_address>0x43cc</run_address>
         <size>0x118</size>
         <input_file_ref idref="fl-14"/>
      </object_component>
      <object_component id="oc-361">
         <name>.text:scalbn</name>
         <load_address>0x44e4</load_address>
         <run_address>0x44e4</run_address>
         <size>0x110</size>
         <input_file_ref idref="fl-e1"/>
      </object_component>
      <object_component id="oc-118">
         <name>.text</name>
         <load_address>0x45f4</load_address>
         <run_address>0x45f4</run_address>
         <size>0xfc</size>
         <input_file_ref idref="fl-d1"/>
      </object_component>
      <object_component id="oc-367">
         <name>.text:floor</name>
         <load_address>0x46f0</load_address>
         <run_address>0x46f0</run_address>
         <size>0xf8</size>
         <input_file_ref idref="fl-e0"/>
      </object_component>
      <object_component id="oc-c2">
         <name>.text:SysCtlClockSet</name>
         <load_address>0x47e8</load_address>
         <run_address>0x47e8</run_address>
         <size>0xf4</size>
         <input_file_ref idref="fl-14"/>
      </object_component>
      <object_component id="oc-3b">
         <name>.text</name>
         <load_address>0x48dc</load_address>
         <run_address>0x48dc</run_address>
         <size>0x9c</size>
         <input_file_ref idref="fl-e2"/>
      </object_component>
      <object_component id="oc-e0">
         <name>.text</name>
         <load_address>0x4978</load_address>
         <run_address>0x4978</run_address>
         <size>0x8c</size>
         <input_file_ref idref="fl-8"/>
      </object_component>
      <object_component id="oc-22f">
         <name>.text</name>
         <load_address>0x4a04</load_address>
         <run_address>0x4a04</run_address>
         <size>0x88</size>
         <input_file_ref idref="fl-5"/>
      </object_component>
      <object_component id="oc-283">
         <name>.text:__aeabi_cdcmple</name>
         <load_address>0x4a8c</load_address>
         <run_address>0x4a8c</run_address>
         <size>0x86</size>
         <input_file_ref idref="fl-cf"/>
      </object_component>
      <object_component id="oc-36d">
         <name>.text:__aeabi_cdrcmple</name>
         <load_address>0x4b12</load_address>
         <run_address>0x4b12</run_address>
         <size>0x86</size>
         <input_file_ref idref="fl-cf"/>
      </object_component>
      <object_component id="oc-19e">
         <name>.text:ADCSequenceStepConfigure</name>
         <load_address>0x4b98</load_address>
         <run_address>0x4b98</run_address>
         <size>0x7a</size>
         <input_file_ref idref="fl-11"/>
      </object_component>
      <object_component id="oc-108">
         <name>.text</name>
         <load_address>0x4c12</load_address>
         <run_address>0x4c12</run_address>
         <size>0x6e</size>
         <input_file_ref idref="fl-d3"/>
      </object_component>
      <object_component id="oc-1ee">
         <name>.text:IntEnable</name>
         <load_address>0x4c80</load_address>
         <run_address>0x4c80</run_address>
         <size>0x68</size>
         <input_file_ref idref="fl-13"/>
      </object_component>
      <object_component id="oc-15">
         <name>.text:decompress:lzss:__TI_decompress_lzss</name>
         <load_address>0x4ce8</load_address>
         <run_address>0x4ce8</run_address>
         <size>0x68</size>
         <input_file_ref idref="fl-d8"/>
      </object_component>
      <object_component id="oc-1dc">
         <name>.text:GPIOIntTypeSet</name>
         <load_address>0x4d50</load_address>
         <run_address>0x4d50</run_address>
         <size>0x58</size>
         <input_file_ref idref="fl-12"/>
      </object_component>
      <object_component id="oc-198">
         <name>.text:ADCSequenceConfigure</name>
         <load_address>0x4da8</load_address>
         <run_address>0x4da8</run_address>
         <size>0x4e</size>
         <input_file_ref idref="fl-11"/>
      </object_component>
      <object_component id="oc-209">
         <name>.text:GPIOPinConfigure</name>
         <load_address>0x4df8</load_address>
         <run_address>0x4df8</run_address>
         <size>0x4c</size>
         <input_file_ref idref="fl-12"/>
      </object_component>
      <object_component id="oc-278">
         <name>.text</name>
         <load_address>0x4e44</load_address>
         <run_address>0x4e44</run_address>
         <size>0x48</size>
         <input_file_ref idref="fl-d2"/>
      </object_component>
      <object_component id="oc-21b">
         <name>.text:UARTConfigSetExpClk</name>
         <load_address>0x4e8c</load_address>
         <run_address>0x4e8c</run_address>
         <size>0x46</size>
         <input_file_ref idref="fl-15"/>
      </object_component>
      <object_component id="oc-14c">
         <name>.text:__TI_auto_init_nobinit_nopinit:__TI_auto_init_nobinit_nopinit</name>
         <load_address>0x4ed4</load_address>
         <run_address>0x4ed4</run_address>
         <size>0x44</size>
         <input_file_ref idref="fl-e4"/>
      </object_component>
      <object_component id="oc-1e8">
         <name>.text:IntRegister</name>
         <load_address>0x4f18</load_address>
         <run_address>0x4f18</run_address>
         <size>0x34</size>
         <input_file_ref idref="fl-13"/>
      </object_component>
      <object_component id="oc-c8">
         <name>.text:SysCtlPeripheralEnable</name>
         <load_address>0x4f4c</load_address>
         <run_address>0x4f4c</run_address>
         <size>0x34</size>
         <input_file_ref idref="fl-14"/>
      </object_component>
      <object_component id="oc-59">
         <name>.text:_c_int00_noargs:_c_int00_noargs</name>
         <load_address>0x4f80</load_address>
         <run_address>0x4f80</run_address>
         <size>0x34</size>
         <input_file_ref idref="fl-dd"/>
      </object_component>
      <object_component id="oc-f3">
         <name>.text:rand</name>
         <load_address>0x4fb4</load_address>
         <run_address>0x4fb4</run_address>
         <size>0x34</size>
         <input_file_ref idref="fl-d9"/>
      </object_component>
      <object_component id="oc-1bc">
         <name>.text:ADCIntStatus</name>
         <load_address>0x4fe8</load_address>
         <run_address>0x4fe8</run_address>
         <size>0x2e</size>
         <input_file_ref idref="fl-11"/>
      </object_component>
      <object_component id="oc-f9">
         <name>.text</name>
         <load_address>0x5016</load_address>
         <run_address>0x5016</run_address>
         <size>0x2e</size>
         <input_file_ref idref="fl-d4"/>
      </object_component>
      <object_component id="oc-2a4">
         <name>.text:GPIODirModeSet</name>
         <load_address>0x5044</load_address>
         <run_address>0x5044</run_address>
         <size>0x2c</size>
         <input_file_ref idref="fl-12"/>
      </object_component>
      <object_component id="oc-1e2">
         <name>.text:IntPrioritySet</name>
         <load_address>0x5070</load_address>
         <run_address>0x5070</run_address>
         <size>0x24</size>
         <input_file_ref idref="fl-13"/>
      </object_component>
      <object_component id="oc-ed">
         <name>.text:srand</name>
         <load_address>0x5094</load_address>
         <run_address>0x5094</run_address>
         <size>0x24</size>
         <input_file_ref idref="fl-d9"/>
      </object_component>
      <object_component id="oc-31e">
         <name>.text:UARTDisable</name>
         <load_address>0x50b8</load_address>
         <run_address>0x50b8</run_address>
         <size>0x20</size>
         <input_file_ref idref="fl-15"/>
      </object_component>
      <object_component id="oc-10d">
         <name>.text</name>
         <load_address>0x50d8</load_address>
         <run_address>0x50d8</run_address>
         <size>0x20</size>
         <input_file_ref idref="fl-d5"/>
      </object_component>
      <object_component id="oc-1c2">
         <name>.text:ADCSequenceDataGet</name>
         <load_address>0x50f8</load_address>
         <run_address>0x50f8</run_address>
         <size>0x1e</size>
         <input_file_ref idref="fl-11"/>
      </object_component>
      <object_component id="oc-47">
         <name>.text:decompress:ZI:__TI_zero_init_nomemset:__TI_zero_init_nomemset</name>
         <load_address>0x5116</load_address>
         <run_address>0x5116</run_address>
         <size>0x1c</size>
         <input_file_ref idref="fl-d6"/>
      </object_component>
      <object_component id="oc-123">
         <name>.text:GPIOPinTypeGPIOOutput</name>
         <load_address>0x5132</load_address>
         <run_address>0x5132</run_address>
         <size>0x1a</size>
         <input_file_ref idref="fl-12"/>
      </object_component>
      <object_component id="oc-3c5">
         <name>.text:copysign</name>
         <load_address>0x514c</load_address>
         <run_address>0x514c</run_address>
         <size>0x1a</size>
         <input_file_ref idref="fl-eb"/>
      </object_component>
      <object_component id="oc-1b6">
         <name>.text:ADCProcessorTrigger</name>
         <load_address>0x5166</load_address>
         <run_address>0x5166</run_address>
         <size>0x18</size>
         <input_file_ref idref="fl-11"/>
      </object_component>
      <object_component id="oc-186">
         <name>.text:GPIOPinTypeADC</name>
         <load_address>0x517e</load_address>
         <run_address>0x517e</run_address>
         <size>0x16</size>
         <input_file_ref idref="fl-12"/>
      </object_component>
      <object_component id="oc-1ca">
         <name>.text:GPIOPinTypeGPIOInput</name>
         <load_address>0x5194</load_address>
         <run_address>0x5194</run_address>
         <size>0x16</size>
         <input_file_ref idref="fl-12"/>
      </object_component>
      <object_component id="oc-20f">
         <name>.text:GPIOPinTypeUART</name>
         <load_address>0x51aa</load_address>
         <run_address>0x51aa</run_address>
         <size>0x16</size>
         <input_file_ref idref="fl-12"/>
      </object_component>
      <object_component id="oc-324">
         <name>.text:UARTEnable</name>
         <load_address>0x51c0</load_address>
         <run_address>0x51c0</run_address>
         <size>0x14</size>
         <input_file_ref idref="fl-15"/>
      </object_component>
      <object_component id="oc-1aa">
         <name>.text:ADCIntEnable</name>
         <load_address>0x51d4</load_address>
         <run_address>0x51d4</run_address>
         <size>0x10</size>
         <input_file_ref idref="fl-11"/>
      </object_component>
      <object_component id="oc-1f4">
         <name>.text:IntMasterEnable</name>
         <load_address>0x51e4</load_address>
         <run_address>0x51e4</run_address>
         <size>0x10</size>
         <input_file_ref idref="fl-13"/>
      </object_component>
      <object_component id="oc-18c">
         <name>.text:ADCSequenceDisable</name>
         <load_address>0x51f4</load_address>
         <run_address>0x51f4</run_address>
         <size>0xe</size>
         <input_file_ref idref="fl-11"/>
      </object_component>
      <object_component id="oc-1a4">
         <name>.text:ADCSequenceEnable</name>
         <load_address>0x5202</load_address>
         <run_address>0x5202</run_address>
         <size>0xe</size>
         <input_file_ref idref="fl-11"/>
      </object_component>
      <object_component id="oc-1b">
         <name>.text:decompress:none:__TI_decompress_none</name>
         <load_address>0x5210</load_address>
         <run_address>0x5210</run_address>
         <size>0xe</size>
         <input_file_ref idref="fl-d7"/>
      </object_component>
      <object_component id="oc-192">
         <name>.text:ADCReferenceSet</name>
         <load_address>0x521e</load_address>
         <run_address>0x521e</run_address>
         <size>0xc</size>
         <input_file_ref idref="fl-11"/>
      </object_component>
      <object_component id="oc-30a">
         <name>.text:CPUcpsie</name>
         <load_address>0x522a</load_address>
         <run_address>0x522a</run_address>
         <size>0xc</size>
         <input_file_ref idref="fl-16"/>
      </object_component>
      <object_component id="oc-1d6">
         <name>.text:GPIOIntEnable</name>
         <load_address>0x5236</load_address>
         <run_address>0x5236</run_address>
         <size>0xc</size>
         <input_file_ref idref="fl-12"/>
      </object_component>
      <object_component id="oc-27">
         <name>.text</name>
         <load_address>0x5242</load_address>
         <run_address>0x5242</run_address>
         <size>0xc</size>
         <input_file_ref idref="fl-2"/>
      </object_component>
      <object_component id="oc-1b0">
         <name>.text:ADCIntClear</name>
         <load_address>0x524e</load_address>
         <run_address>0x524e</run_address>
         <size>0xa</size>
         <input_file_ref idref="fl-11"/>
      </object_component>
      <object_component id="oc-221">
         <name>.text:UARTCharPut</name>
         <load_address>0x5258</load_address>
         <run_address>0x5258</run_address>
         <size>0xa</size>
         <input_file_ref idref="fl-15"/>
      </object_component>
      <object_component id="oc-227">
         <name>.text:UARTBusy</name>
         <load_address>0x5262</load_address>
         <run_address>0x5262</run_address>
         <size>0x8</size>
         <input_file_ref idref="fl-15"/>
      </object_component>
      <object_component id="oc-3bf">
         <name>.text:__aeabi_errno_addr</name>
         <load_address>0x526c</load_address>
         <run_address>0x526c</run_address>
         <size>0x8</size>
         <input_file_ref idref="fl-ea"/>
      </object_component>
      <object_component id="oc-1fa">
         <name>.text:GPIOIntClear</name>
         <load_address>0x5274</load_address>
         <run_address>0x5274</run_address>
         <size>0x6</size>
         <input_file_ref idref="fl-12"/>
      </object_component>
      <object_component id="oc-1d0">
         <name>.text:GPIOPinRead</name>
         <load_address>0x527a</load_address>
         <run_address>0x527a</run_address>
         <size>0x6</size>
         <input_file_ref idref="fl-12"/>
      </object_component>
      <object_component id="oc-129">
         <name>.text:GPIOPinWrite</name>
         <load_address>0x5280</load_address>
         <run_address>0x5280</run_address>
         <size>0x6</size>
         <input_file_ref idref="fl-12"/>
      </object_component>
      <object_component id="oc-ec">
         <name>.text:SysCtlDelay</name>
         <load_address>0x5286</load_address>
         <run_address>0x5286</run_address>
         <size>0x6</size>
         <input_file_ref idref="fl-14"/>
      </object_component>
      <object_component id="oc-95">
         <name>.text:_system_pre_init</name>
         <load_address>0x528c</load_address>
         <run_address>0x528c</run_address>
         <size>0x4</size>
         <input_file_ref idref="fl-e5"/>
      </object_component>
      <object_component id="oc-140">
         <name>.text:abort:abort</name>
         <load_address>0x5290</load_address>
         <run_address>0x5290</run_address>
         <size>0x4</size>
         <input_file_ref idref="fl-e7"/>
      </object_component>
      <object_component id="oc-256">
         <name>.const:.string:Font</name>
         <load_address>0x5298</load_address>
         <run_address>0x5298</run_address>
         <size>0x4fb</size>
         <input_file_ref idref="fl-6"/>
      </object_component>
      <object_component id="oc-261">
         <name>.const:.string:dBfs</name>
         <load_address>0x5793</load_address>
         <run_address>0x5793</run_address>
         <size>0x200</size>
         <input_file_ref idref="fl-6"/>
      </object_component>
      <object_component id="oc-372">
         <name>.const:$O1$$</name>
         <load_address>0x5998</load_address>
         <run_address>0x5998</run_address>
         <size>0x158</size>
         <input_file_ref idref="fl-dc"/>
      </object_component>
      <object_component id="oc-2fd">
         <name>.const:g_pui32Regs</name>
         <load_address>0x5af0</load_address>
         <run_address>0x5af0</run_address>
         <size>0x9c</size>
         <input_file_ref idref="fl-13"/>
      </object_component>
      <object_component id="oc-315">
         <name>.const:g_pui32GPIOBaseAddrs</name>
         <load_address>0x5b8c</load_address>
         <run_address>0x5b8c</run_address>
         <size>0x90</size>
         <input_file_ref idref="fl-12"/>
      </object_component>
      <object_component id="oc-31a">
         <name>.const:g_pui32Xtals</name>
         <load_address>0x5c1c</load_address>
         <run_address>0x5c1c</run_address>
         <size>0x6c</size>
         <input_file_ref idref="fl-14"/>
      </object_component>
      <object_component id="oc-244">
         <name>.const:.string:Bcmd</name>
         <load_address>0x5c88</load_address>
         <run_address>0x5c88</run_address>
         <size>0x67</size>
         <input_file_ref idref="fl-6"/>
      </object_component>
      <object_component id="oc-235">
         <name>.const:blackBallPixels</name>
         <load_address>0x5cf0</load_address>
         <run_address>0x5cf0</run_address>
         <size>0x48</size>
         <input_file_ref idref="fl-8"/>
      </object_component>
      <object_component id="oc-238">
         <name>.const:whiteBallPixels</name>
         <load_address>0x5d38</load_address>
         <run_address>0x5d38</run_address>
         <size>0x48</size>
         <input_file_ref idref="fl-8"/>
      </object_component>
      <object_component id="oc-24a">
         <name>.const:.string:Rcmd1</name>
         <load_address>0x5d80</load_address>
         <run_address>0x5d80</run_address>
         <size>0x3b</size>
         <input_file_ref idref="fl-6"/>
      </object_component>
      <object_component id="oc-253">
         <name>.const:.string:Rcmd3</name>
         <load_address>0x5dbb</load_address>
         <run_address>0x5dbb</run_address>
         <size>0x2b</size>
         <input_file_ref idref="fl-6"/>
      </object_component>
      <object_component id="oc-306">
         <name>.const:g_pui32EnRegs</name>
         <load_address>0x5de8</load_address>
         <run_address>0x5de8</run_address>
         <size>0x14</size>
         <input_file_ref idref="fl-13"/>
      </object_component>
      <object_component id="oc-24d">
         <name>.const:.string:Rcmd2green</name>
         <load_address>0x5dfc</load_address>
         <run_address>0x5dfc</run_address>
         <size>0xd</size>
         <input_file_ref idref="fl-6"/>
      </object_component>
      <object_component id="oc-250">
         <name>.const:.string:Rcmd2red</name>
         <load_address>0x5e09</load_address>
         <run_address>0x5e09</run_address>
         <size>0xd</size>
         <input_file_ref idref="fl-6"/>
      </object_component>
      <object_component id="oc-421">
         <name>.cinit..data.load</name>
         <load_address>0x5e18</load_address>
         <run_address>0x5e18</run_address>
         <size>0x1c</size>
      </object_component>
      <object_component id="oc-41e">
         <name>__TI_handler_table</name>
         <load_address>0x5e34</load_address>
         <run_address>0x5e34</run_address>
         <size>0xc</size>
      </object_component>
      <object_component id="oc-422">
         <name>.cinit..bss.load</name>
         <load_address>0x5e40</load_address>
         <run_address>0x5e40</run_address>
         <size>0x8</size>
      </object_component>
      <object_component id="oc-420">
         <name>.cinit..vtable.load</name>
         <load_address>0x5e48</load_address>
         <run_address>0x5e48</run_address>
         <size>0x8</size>
      </object_component>
      <object_component id="oc-41f">
         <name>__TI_cinit_table</name>
         <load_address>0x5e50</load_address>
         <run_address>0x5e50</run_address>
         <size>0x18</size>
      </object_component>
      <object_component id="oc-302">
         <name>.vtable</name>
         <uninitialized>true</uninitialized>
         <run_address>0x20000000</run_address>
         <size>0x26c</size>
         <input_file_ref idref="fl-13"/>
      </object_component>
      <object_component id="oc-247">
         <name>.data</name>
         <load_address>0x20000470</load_address>
         <run_address>0x20000470</run_address>
         <size>0x14</size>
         <input_file_ref idref="fl-6"/>
      </object_component>
      <object_component id="oc-200">
         <name>.data</name>
         <load_address>0x20000494</load_address>
         <run_address>0x20000494</run_address>
         <size>0x1</size>
         <input_file_ref idref="fl-9"/>
      </object_component>
      <object_component id="oc-26d">
         <name>.data</name>
         <load_address>0x20000490</load_address>
         <run_address>0x20000490</run_address>
         <size>0x4</size>
         <input_file_ref idref="fl-d9"/>
      </object_component>
      <object_component id="oc-26a">
         <name>.data:$O1$$</name>
         <load_address>0x20000484</load_address>
         <run_address>0x20000484</run_address>
         <size>0x8</size>
         <input_file_ref idref="fl-e8"/>
      </object_component>
      <object_component id="oc-3e7">
         <name>.data</name>
         <load_address>0x2000048c</load_address>
         <run_address>0x2000048c</run_address>
         <size>0x4</size>
         <input_file_ref idref="fl-ea"/>
      </object_component>
      <object_component id="oc-241">
         <name>.bss</name>
         <uninitialized>true</uninitialized>
         <run_address>0x200004a4</run_address>
         <size>0x4</size>
         <input_file_ref idref="fl-6"/>
      </object_component>
      <object_component id="oc-259">
         <name>.common:Message</name>
         <uninitialized>true</uninitialized>
         <run_address>0x20000498</run_address>
         <size>0xc</size>
      </object_component>
      <object_component id="oc-25c">
         <name>.common:Messageindex</name>
         <uninitialized>true</uninitialized>
         <run_address>0x200004a8</run_address>
         <size>0x4</size>
      </object_component>
      <object_component id="oc-25d">
         <name>.common:Ymax</name>
         <uninitialized>true</uninitialized>
         <run_address>0x200004b0</run_address>
         <size>0x4</size>
      </object_component>
      <object_component id="oc-25e">
         <name>.common:Ymin</name>
         <uninitialized>true</uninitialized>
         <run_address>0x200004b4</run_address>
         <size>0x4</size>
      </object_component>
      <object_component id="oc-260">
         <name>.common:X</name>
         <uninitialized>true</uninitialized>
         <run_address>0x200004ac</run_address>
         <size>0x4</size>
      </object_component>
      <object_component id="oc-25f">
         <name>.common:Yrange</name>
         <uninitialized>true</uninitialized>
         <run_address>0x200004b8</run_address>
         <size>0x4</size>
      </object_component>
      <object_component id="oc-24">
         <name>.stack</name>
         <uninitialized>true</uninitialized>
         <run_address>0x20000270</run_address>
         <size>0x4</size>
         <input_file_ref idref="fl-dd"/>
      </object_component>
      <object_component id="oc-424">
         <name>.stack</name>
         <uninitialized>true</uninitialized>
         <run_address>0x20000270</run_address>
         <size>0x0</size>
      </object_component>
      <object_component id="oc-2f">
         <name>.debug_info</name>
         <load_address>0x0</load_address>
         <run_address>0x0</run_address>
         <size>0x2a4</size>
         <input_file_ref idref="fl-2"/>
      </object_component>
      <object_component id="oc-13">
         <name>.debug_info</name>
         <load_address>0x2a4</load_address>
         <run_address>0x2a4</run_address>
         <size>0xe3</size>
         <input_file_ref idref="fl-2"/>
      </object_component>
      <object_component id="oc-28">
         <name>.debug_info</name>
         <load_address>0x387</load_address>
         <run_address>0x387</run_address>
         <size>0x25f</size>
         <input_file_ref idref="fl-2"/>
      </object_component>
      <object_component id="oc-70">
         <name>.debug_info</name>
         <load_address>0x5e6</load_address>
         <run_address>0x5e6</run_address>
         <size>0x26b</size>
         <input_file_ref idref="fl-2"/>
      </object_component>
      <object_component id="oc-36">
         <name>.debug_info</name>
         <load_address>0x851</load_address>
         <run_address>0x851</run_address>
         <size>0x84</size>
         <input_file_ref idref="fl-2"/>
      </object_component>
      <object_component id="oc-ad">
         <name>.debug_info</name>
         <load_address>0x8d5</load_address>
         <run_address>0x8d5</run_address>
         <size>0x2a4</size>
         <input_file_ref idref="fl-2"/>
      </object_component>
      <object_component id="oc-75">
         <name>.debug_info</name>
         <load_address>0xb79</load_address>
         <run_address>0xb79</run_address>
         <size>0xbb</size>
         <input_file_ref idref="fl-2"/>
      </object_component>
      <object_component id="oc-13f">
         <name>.debug_info</name>
         <load_address>0xc34</load_address>
         <run_address>0xc34</run_address>
         <size>0x65c</size>
         <input_file_ref idref="fl-3"/>
      </object_component>
      <object_component id="oc-9c">
         <name>.debug_info</name>
         <load_address>0x1290</load_address>
         <run_address>0x1290</run_address>
         <size>0x142b</size>
         <input_file_ref idref="fl-3"/>
      </object_component>
      <object_component id="oc-13a">
         <name>.debug_info</name>
         <load_address>0x26bb</load_address>
         <run_address>0x26bb</run_address>
         <size>0x8b</size>
         <input_file_ref idref="fl-3"/>
      </object_component>
      <object_component id="oc-b9">
         <name>.debug_info</name>
         <load_address>0x2746</load_address>
         <run_address>0x2746</run_address>
         <size>0x2c</size>
         <input_file_ref idref="fl-3"/>
      </object_component>
      <object_component id="oc-2b4">
         <name>.debug_info</name>
         <load_address>0x2772</load_address>
         <run_address>0x2772</run_address>
         <size>0x35</size>
         <input_file_ref idref="fl-3"/>
      </object_component>
      <object_component id="oc-130">
         <name>.debug_info</name>
         <load_address>0x27a7</load_address>
         <run_address>0x27a7</run_address>
         <size>0x15a</size>
         <input_file_ref idref="fl-3"/>
      </object_component>
      <object_component id="oc-23c">
         <name>.debug_info</name>
         <load_address>0x2901</load_address>
         <run_address>0x2901</run_address>
         <size>0x4c</size>
         <input_file_ref idref="fl-3"/>
      </object_component>
      <object_component id="oc-204">
         <name>.debug_info</name>
         <load_address>0x294d</load_address>
         <run_address>0x294d</run_address>
         <size>0x4c</size>
         <input_file_ref idref="fl-3"/>
      </object_component>
      <object_component id="oc-265">
         <name>.debug_info</name>
         <load_address>0x2999</load_address>
         <run_address>0x2999</run_address>
         <size>0x51</size>
         <input_file_ref idref="fl-3"/>
      </object_component>
      <object_component id="oc-2ad">
         <name>.debug_info</name>
         <load_address>0x29ea</load_address>
         <run_address>0x29ea</run_address>
         <size>0xeb</size>
         <input_file_ref idref="fl-3"/>
      </object_component>
      <object_component id="oc-135">
         <name>.debug_info</name>
         <load_address>0x2ad5</load_address>
         <run_address>0x2ad5</run_address>
         <size>0x10d</size>
         <input_file_ref idref="fl-3"/>
      </object_component>
      <object_component id="oc-230">
         <name>.debug_info</name>
         <load_address>0x2be2</load_address>
         <run_address>0x2be2</run_address>
         <size>0x126</size>
         <input_file_ref idref="fl-5"/>
      </object_component>
      <object_component id="oc-25a">
         <name>.debug_info</name>
         <load_address>0x2d08</load_address>
         <run_address>0x2d08</run_address>
         <size>0x39e</size>
         <input_file_ref idref="fl-6"/>
      </object_component>
      <object_component id="oc-248">
         <name>.debug_info</name>
         <load_address>0x30a6</load_address>
         <run_address>0x30a6</run_address>
         <size>0x15c</size>
         <input_file_ref idref="fl-6"/>
      </object_component>
      <object_component id="oc-257">
         <name>.debug_info</name>
         <load_address>0x3202</load_address>
         <run_address>0x3202</run_address>
         <size>0xc7</size>
         <input_file_ref idref="fl-6"/>
      </object_component>
      <object_component id="oc-242">
         <name>.debug_info</name>
         <load_address>0x32c9</load_address>
         <run_address>0x32c9</run_address>
         <size>0x133</size>
         <input_file_ref idref="fl-6"/>
      </object_component>
      <object_component id="oc-245">
         <name>.debug_info</name>
         <load_address>0x33fc</load_address>
         <run_address>0x33fc</run_address>
         <size>0xc8</size>
         <input_file_ref idref="fl-6"/>
      </object_component>
      <object_component id="oc-24b">
         <name>.debug_info</name>
         <load_address>0x34c4</load_address>
         <run_address>0x34c4</run_address>
         <size>0xca</size>
         <input_file_ref idref="fl-6"/>
      </object_component>
      <object_component id="oc-24e">
         <name>.debug_info</name>
         <load_address>0x358e</load_address>
         <run_address>0x358e</run_address>
         <size>0xd4</size>
         <input_file_ref idref="fl-6"/>
      </object_component>
      <object_component id="oc-251">
         <name>.debug_info</name>
         <load_address>0x3662</load_address>
         <run_address>0x3662</run_address>
         <size>0xd0</size>
         <input_file_ref idref="fl-6"/>
      </object_component>
      <object_component id="oc-254">
         <name>.debug_info</name>
         <load_address>0x3732</load_address>
         <run_address>0x3732</run_address>
         <size>0xca</size>
         <input_file_ref idref="fl-6"/>
      </object_component>
      <object_component id="oc-262">
         <name>.debug_info</name>
         <load_address>0x37fc</load_address>
         <run_address>0x37fc</run_address>
         <size>0xc9</size>
         <input_file_ref idref="fl-6"/>
      </object_component>
      <object_component id="oc-e7">
         <name>.debug_info</name>
         <load_address>0x38c5</load_address>
         <run_address>0x38c5</run_address>
         <size>0x2353</size>
         <input_file_ref idref="fl-6"/>
      </object_component>
      <object_component id="oc-348">
         <name>.debug_info</name>
         <load_address>0x5c18</load_address>
         <run_address>0x5c18</run_address>
         <size>0xcc</size>
         <input_file_ref idref="fl-6"/>
      </object_component>
      <object_component id="oc-1c9">
         <name>.debug_info</name>
         <load_address>0x5ce4</load_address>
         <run_address>0x5ce4</run_address>
         <size>0x585</size>
         <input_file_ref idref="fl-7"/>
      </object_component>
      <object_component id="oc-cf">
         <name>.debug_info</name>
         <load_address>0x6269</load_address>
         <run_address>0x6269</run_address>
         <size>0x469</size>
         <input_file_ref idref="fl-7"/>
      </object_component>
      <object_component id="oc-333">
         <name>.debug_info</name>
         <load_address>0x66d2</load_address>
         <run_address>0x66d2</run_address>
         <size>0x392</size>
         <input_file_ref idref="fl-8"/>
      </object_component>
      <object_component id="oc-236">
         <name>.debug_info</name>
         <load_address>0x6a64</load_address>
         <run_address>0x6a64</run_address>
         <size>0xe2</size>
         <input_file_ref idref="fl-8"/>
      </object_component>
      <object_component id="oc-239">
         <name>.debug_info</name>
         <load_address>0x6b46</load_address>
         <run_address>0x6b46</run_address>
         <size>0xe2</size>
         <input_file_ref idref="fl-8"/>
      </object_component>
      <object_component id="oc-e2">
         <name>.debug_info</name>
         <load_address>0x6c28</load_address>
         <run_address>0x6c28</run_address>
         <size>0x325</size>
         <input_file_ref idref="fl-8"/>
      </object_component>
      <object_component id="oc-314">
         <name>.debug_info</name>
         <load_address>0x6f4d</load_address>
         <run_address>0x6f4d</run_address>
         <size>0x4cb</size>
         <input_file_ref idref="fl-9"/>
      </object_component>
      <object_component id="oc-201">
         <name>.debug_info</name>
         <load_address>0x7418</load_address>
         <run_address>0x7418</run_address>
         <size>0xd8</size>
         <input_file_ref idref="fl-9"/>
      </object_component>
      <object_component id="oc-d6">
         <name>.debug_info</name>
         <load_address>0x74f0</load_address>
         <run_address>0x74f0</run_address>
         <size>0x56e</size>
         <input_file_ref idref="fl-9"/>
      </object_component>
      <object_component id="oc-22e">
         <name>.debug_info</name>
         <load_address>0x7a5e</load_address>
         <run_address>0x7a5e</run_address>
         <size>0x410</size>
         <input_file_ref idref="fl-a"/>
      </object_component>
      <object_component id="oc-db">
         <name>.debug_info</name>
         <load_address>0x7e6e</load_address>
         <run_address>0x7e6e</run_address>
         <size>0x6e1</size>
         <input_file_ref idref="fl-a"/>
      </object_component>
      <object_component id="oc-2ed">
         <name>.debug_info</name>
         <load_address>0x854f</load_address>
         <run_address>0x854f</run_address>
         <size>0x3ba</size>
         <input_file_ref idref="fl-11"/>
      </object_component>
      <object_component id="oc-19f">
         <name>.debug_info</name>
         <load_address>0x8909</load_address>
         <run_address>0x8909</run_address>
         <size>0x33c</size>
         <input_file_ref idref="fl-11"/>
      </object_component>
      <object_component id="oc-1a6">
         <name>.debug_info</name>
         <load_address>0x8c45</load_address>
         <run_address>0x8c45</run_address>
         <size>0x2a9</size>
         <input_file_ref idref="fl-11"/>
      </object_component>
      <object_component id="oc-18d">
         <name>.debug_info</name>
         <load_address>0x8eee</load_address>
         <run_address>0x8eee</run_address>
         <size>0x2ab</size>
         <input_file_ref idref="fl-11"/>
      </object_component>
      <object_component id="oc-1c4">
         <name>.debug_info</name>
         <load_address>0x9199</load_address>
         <run_address>0x9199</run_address>
         <size>0x308</size>
         <input_file_ref idref="fl-11"/>
      </object_component>
      <object_component id="oc-19a">
         <name>.debug_info</name>
         <load_address>0x94a1</load_address>
         <run_address>0x94a1</run_address>
         <size>0x32f</size>
         <input_file_ref idref="fl-11"/>
      </object_component>
      <object_component id="oc-194">
         <name>.debug_info</name>
         <load_address>0x97d0</load_address>
         <run_address>0x97d0</run_address>
         <size>0x285</size>
         <input_file_ref idref="fl-11"/>
      </object_component>
      <object_component id="oc-1b8">
         <name>.debug_info</name>
         <load_address>0x9a55</load_address>
         <run_address>0x9a55</run_address>
         <size>0x2ad</size>
         <input_file_ref idref="fl-11"/>
      </object_component>
      <object_component id="oc-1bd">
         <name>.debug_info</name>
         <load_address>0x9d02</load_address>
         <run_address>0x9d02</run_address>
         <size>0x2f0</size>
         <input_file_ref idref="fl-11"/>
      </object_component>
      <object_component id="oc-1ab">
         <name>.debug_info</name>
         <load_address>0x9ff2</load_address>
         <run_address>0x9ff2</run_address>
         <size>0x29f</size>
         <input_file_ref idref="fl-11"/>
      </object_component>
      <object_component id="oc-1b1">
         <name>.debug_info</name>
         <load_address>0xa291</load_address>
         <run_address>0xa291</run_address>
         <size>0x29d</size>
         <input_file_ref idref="fl-11"/>
      </object_component>
      <object_component id="oc-2e6">
         <name>.debug_info</name>
         <load_address>0xa52e</load_address>
         <run_address>0xa52e</run_address>
         <size>0x26b</size>
         <input_file_ref idref="fl-11"/>
      </object_component>
      <object_component id="oc-2d6">
         <name>.debug_info</name>
         <load_address>0xa799</load_address>
         <run_address>0xa799</run_address>
         <size>0x297</size>
         <input_file_ref idref="fl-11"/>
      </object_component>
      <object_component id="oc-2e1">
         <name>.debug_info</name>
         <load_address>0xaa30</load_address>
         <run_address>0xaa30</run_address>
         <size>0xef</size>
         <input_file_ref idref="fl-11"/>
      </object_component>
      <object_component id="oc-17f">
         <name>.debug_info</name>
         <load_address>0xab1f</load_address>
         <run_address>0xab1f</run_address>
         <size>0xbb</size>
         <input_file_ref idref="fl-11"/>
      </object_component>
      <object_component id="oc-2ab">
         <name>.debug_info</name>
         <load_address>0xabda</load_address>
         <run_address>0xabda</run_address>
         <size>0x3e4</size>
         <input_file_ref idref="fl-12"/>
      </object_component>
      <object_component id="oc-316">
         <name>.debug_info</name>
         <load_address>0xafbe</load_address>
         <run_address>0xafbe</run_address>
         <size>0x164</size>
         <input_file_ref idref="fl-12"/>
      </object_component>
      <object_component id="oc-12b">
         <name>.debug_info</name>
         <load_address>0xb122</load_address>
         <run_address>0xb122</run_address>
         <size>0x2ac</size>
         <input_file_ref idref="fl-12"/>
      </object_component>
      <object_component id="oc-2a6">
         <name>.debug_info</name>
         <load_address>0xb3ce</load_address>
         <run_address>0xb3ce</run_address>
         <size>0x2bc</size>
         <input_file_ref idref="fl-12"/>
      </object_component>
      <object_component id="oc-2a0">
         <name>.debug_info</name>
         <load_address>0xb68a</load_address>
         <run_address>0xb68a</run_address>
         <size>0x31f</size>
         <input_file_ref idref="fl-12"/>
      </object_component>
      <object_component id="oc-211">
         <name>.debug_info</name>
         <load_address>0xb9a9</load_address>
         <run_address>0xb9a9</run_address>
         <size>0x29b</size>
         <input_file_ref idref="fl-12"/>
      </object_component>
      <object_component id="oc-125">
         <name>.debug_info</name>
         <load_address>0xbc44</load_address>
         <run_address>0xbc44</run_address>
         <size>0x2c0</size>
         <input_file_ref idref="fl-12"/>
      </object_component>
      <object_component id="oc-1cc">
         <name>.debug_info</name>
         <load_address>0xbf04</load_address>
         <run_address>0xbf04</run_address>
         <size>0x2a5</size>
         <input_file_ref idref="fl-12"/>
      </object_component>
      <object_component id="oc-187">
         <name>.debug_info</name>
         <load_address>0xc1a9</load_address>
         <run_address>0xc1a9</run_address>
         <size>0x299</size>
         <input_file_ref idref="fl-12"/>
      </object_component>
      <object_component id="oc-1d1">
         <name>.debug_info</name>
         <load_address>0xc442</load_address>
         <run_address>0xc442</run_address>
         <size>0x284</size>
         <input_file_ref idref="fl-12"/>
      </object_component>
      <object_component id="oc-20a">
         <name>.debug_info</name>
         <load_address>0xc6c6</load_address>
         <run_address>0xc6c6</run_address>
         <size>0x289</size>
         <input_file_ref idref="fl-12"/>
      </object_component>
      <object_component id="oc-1dd">
         <name>.debug_info</name>
         <load_address>0xc94f</load_address>
         <run_address>0xc94f</run_address>
         <size>0x2c4</size>
         <input_file_ref idref="fl-12"/>
      </object_component>
      <object_component id="oc-1d7">
         <name>.debug_info</name>
         <load_address>0xcc13</load_address>
         <run_address>0xcc13</run_address>
         <size>0x298</size>
         <input_file_ref idref="fl-12"/>
      </object_component>
      <object_component id="oc-1fb">
         <name>.debug_info</name>
         <load_address>0xceab</load_address>
         <run_address>0xceab</run_address>
         <size>0x296</size>
         <input_file_ref idref="fl-12"/>
      </object_component>
      <object_component id="oc-301">
         <name>.debug_info</name>
         <load_address>0xd141</load_address>
         <run_address>0xd141</run_address>
         <size>0x3b7</size>
         <input_file_ref idref="fl-13"/>
      </object_component>
      <object_component id="oc-2fe">
         <name>.debug_info</name>
         <load_address>0xd4f8</load_address>
         <run_address>0xd4f8</run_address>
         <size>0x157</size>
         <input_file_ref idref="fl-13"/>
      </object_component>
      <object_component id="oc-307">
         <name>.debug_info</name>
         <load_address>0xd64f</load_address>
         <run_address>0xd64f</run_address>
         <size>0x15b</size>
         <input_file_ref idref="fl-13"/>
      </object_component>
      <object_component id="oc-303">
         <name>.debug_info</name>
         <load_address>0xd7aa</load_address>
         <run_address>0xd7aa</run_address>
         <size>0x160</size>
         <input_file_ref idref="fl-13"/>
      </object_component>
      <object_component id="oc-1e9">
         <name>.debug_info</name>
         <load_address>0xd90a</load_address>
         <run_address>0xd90a</run_address>
         <size>0x2ca</size>
         <input_file_ref idref="fl-13"/>
      </object_component>
      <object_component id="oc-1e4">
         <name>.debug_info</name>
         <load_address>0xdbd4</load_address>
         <run_address>0xdbd4</run_address>
         <size>0x2d2</size>
         <input_file_ref idref="fl-13"/>
      </object_component>
      <object_component id="oc-1f5">
         <name>.debug_info</name>
         <load_address>0xdea6</load_address>
         <run_address>0xdea6</run_address>
         <size>0x247</size>
         <input_file_ref idref="fl-13"/>
      </object_component>
      <object_component id="oc-1ef">
         <name>.debug_info</name>
         <load_address>0xe0ed</load_address>
         <run_address>0xe0ed</run_address>
         <size>0x271</size>
         <input_file_ref idref="fl-13"/>
      </object_component>
      <object_component id="oc-184">
         <name>.debug_info</name>
         <load_address>0xe35e</load_address>
         <run_address>0xe35e</run_address>
         <size>0x441</size>
         <input_file_ref idref="fl-14"/>
      </object_component>
      <object_component id="oc-31b">
         <name>.debug_info</name>
         <load_address>0xe79f</load_address>
         <run_address>0xe79f</run_address>
         <size>0x156</size>
         <input_file_ref idref="fl-14"/>
      </object_component>
      <object_component id="oc-cc">
         <name>.debug_info</name>
         <load_address>0xe8f5</load_address>
         <run_address>0xe8f5</run_address>
         <size>0x286</size>
         <input_file_ref idref="fl-14"/>
      </object_component>
      <object_component id="oc-c6">
         <name>.debug_info</name>
         <load_address>0xeb7b</load_address>
         <run_address>0xeb7b</run_address>
         <size>0x2e4</size>
         <input_file_ref idref="fl-14"/>
      </object_component>
      <object_component id="oc-219">
         <name>.debug_info</name>
         <load_address>0xee5f</load_address>
         <run_address>0xee5f</run_address>
         <size>0x2be</size>
         <input_file_ref idref="fl-14"/>
      </object_component>
      <object_component id="oc-2dd">
         <name>.debug_info</name>
         <load_address>0xf11d</load_address>
         <run_address>0xf11d</run_address>
         <size>0x51</size>
         <input_file_ref idref="fl-14"/>
      </object_component>
      <object_component id="oc-32b">
         <name>.debug_info</name>
         <load_address>0xf16e</load_address>
         <run_address>0xf16e</run_address>
         <size>0x3cb</size>
         <input_file_ref idref="fl-15"/>
      </object_component>
      <object_component id="oc-325">
         <name>.debug_info</name>
         <load_address>0xf539</load_address>
         <run_address>0xf539</run_address>
         <size>0x250</size>
         <input_file_ref idref="fl-15"/>
      </object_component>
      <object_component id="oc-31f">
         <name>.debug_info</name>
         <load_address>0xf789</load_address>
         <run_address>0xf789</run_address>
         <size>0x252</size>
         <input_file_ref idref="fl-15"/>
      </object_component>
      <object_component id="oc-21c">
         <name>.debug_info</name>
         <load_address>0xf9db</load_address>
         <run_address>0xf9db</run_address>
         <size>0x32f</size>
         <input_file_ref idref="fl-15"/>
      </object_component>
      <object_component id="oc-222">
         <name>.debug_info</name>
         <load_address>0xfd0a</load_address>
         <run_address>0xfd0a</run_address>
         <size>0x27c</size>
         <input_file_ref idref="fl-15"/>
      </object_component>
      <object_component id="oc-228">
         <name>.debug_info</name>
         <load_address>0xff86</load_address>
         <run_address>0xff86</run_address>
         <size>0x250</size>
         <input_file_ref idref="fl-15"/>
      </object_component>
      <object_component id="oc-30b">
         <name>.debug_info</name>
         <load_address>0x101d6</load_address>
         <run_address>0x101d6</run_address>
         <size>0x21b</size>
         <input_file_ref idref="fl-16"/>
      </object_component>
      <object_component id="oc-295">
         <name>.debug_info</name>
         <load_address>0x103f1</load_address>
         <run_address>0x103f1</run_address>
         <size>0x361</size>
         <input_file_ref idref="fl-cc"/>
      </object_component>
      <object_component id="oc-113">
         <name>.debug_info</name>
         <load_address>0x10752</load_address>
         <run_address>0x10752</run_address>
         <size>0x79b</size>
         <input_file_ref idref="fl-cc"/>
      </object_component>
      <object_component id="oc-381">
         <name>.debug_info</name>
         <load_address>0x10eed</load_address>
         <run_address>0x10eed</run_address>
         <size>0x46</size>
         <input_file_ref idref="fl-cc"/>
      </object_component>
      <object_component id="oc-296">
         <name>.debug_info</name>
         <load_address>0x10f33</load_address>
         <run_address>0x10f33</run_address>
         <size>0x39</size>
         <input_file_ref idref="fl-cc"/>
      </object_component>
      <object_component id="oc-29d">
         <name>.debug_info</name>
         <load_address>0x10f6c</load_address>
         <run_address>0x10f6c</run_address>
         <size>0x361</size>
         <input_file_ref idref="fl-cd"/>
      </object_component>
      <object_component id="oc-11e">
         <name>.debug_info</name>
         <load_address>0x112cd</load_address>
         <run_address>0x112cd</run_address>
         <size>0x7ae</size>
         <input_file_ref idref="fl-cd"/>
      </object_component>
      <object_component id="oc-105">
         <name>.debug_info</name>
         <load_address>0x11a7b</load_address>
         <run_address>0x11a7b</run_address>
         <size>0x14c</size>
         <input_file_ref idref="fl-ce"/>
      </object_component>
      <object_component id="oc-284">
         <name>.debug_info</name>
         <load_address>0x11bc7</load_address>
         <run_address>0x11bc7</run_address>
         <size>0x128</size>
         <input_file_ref idref="fl-cf"/>
      </object_component>
      <object_component id="oc-370">
         <name>.debug_info</name>
         <load_address>0x11cef</load_address>
         <run_address>0x11cef</run_address>
         <size>0x12a</size>
         <input_file_ref idref="fl-cf"/>
      </object_component>
      <object_component id="oc-ff">
         <name>.debug_info</name>
         <load_address>0x11e19</load_address>
         <run_address>0x11e19</run_address>
         <size>0x13a</size>
         <input_file_ref idref="fl-d0"/>
      </object_component>
      <object_component id="oc-11a">
         <name>.debug_info</name>
         <load_address>0x11f53</load_address>
         <run_address>0x11f53</run_address>
         <size>0x13a</size>
         <input_file_ref idref="fl-d1"/>
      </object_component>
      <object_component id="oc-279">
         <name>.debug_info</name>
         <load_address>0x1208d</load_address>
         <run_address>0x1208d</run_address>
         <size>0x12e</size>
         <input_file_ref idref="fl-d2"/>
      </object_component>
      <object_component id="oc-10a">
         <name>.debug_info</name>
         <load_address>0x121bb</load_address>
         <run_address>0x121bb</run_address>
         <size>0x13e</size>
         <input_file_ref idref="fl-d3"/>
      </object_component>
      <object_component id="oc-fc">
         <name>.debug_info</name>
         <load_address>0x122f9</load_address>
         <run_address>0x122f9</run_address>
         <size>0x12c</size>
         <input_file_ref idref="fl-d4"/>
      </object_component>
      <object_component id="oc-10f">
         <name>.debug_info</name>
         <load_address>0x12425</load_address>
         <run_address>0x12425</run_address>
         <size>0x12e</size>
         <input_file_ref idref="fl-d5"/>
      </object_component>
      <object_component id="oc-8e">
         <name>.debug_info</name>
         <load_address>0x12553</load_address>
         <run_address>0x12553</run_address>
         <size>0x2d4</size>
         <input_file_ref idref="fl-d6"/>
      </object_component>
      <object_component id="oc-4b">
         <name>.debug_info</name>
         <load_address>0x12827</load_address>
         <run_address>0x12827</run_address>
         <size>0x1d2</size>
         <input_file_ref idref="fl-d6"/>
      </object_component>
      <object_component id="oc-89">
         <name>.debug_info</name>
         <load_address>0x129f9</load_address>
         <run_address>0x129f9</run_address>
         <size>0x46</size>
         <input_file_ref idref="fl-d6"/>
      </object_component>
      <object_component id="oc-46">
         <name>.debug_info</name>
         <load_address>0x12a3f</load_address>
         <run_address>0x12a3f</run_address>
         <size>0x2a8</size>
         <input_file_ref idref="fl-d7"/>
      </object_component>
      <object_component id="oc-1c">
         <name>.debug_info</name>
         <load_address>0x12ce7</load_address>
         <run_address>0x12ce7</run_address>
         <size>0x1ea</size>
         <input_file_ref idref="fl-d7"/>
      </object_component>
      <object_component id="oc-41">
         <name>.debug_info</name>
         <load_address>0x12ed1</load_address>
         <run_address>0x12ed1</run_address>
         <size>0x46</size>
         <input_file_ref idref="fl-d7"/>
      </object_component>
      <object_component id="oc-81">
         <name>.debug_info</name>
         <load_address>0x12f17</load_address>
         <run_address>0x12f17</run_address>
         <size>0x2c</size>
         <input_file_ref idref="fl-d7"/>
      </object_component>
      <object_component id="oc-7f">
         <name>.debug_info</name>
         <load_address>0x12f43</load_address>
         <run_address>0x12f43</run_address>
         <size>0x29e</size>
         <input_file_ref idref="fl-d8"/>
      </object_component>
      <object_component id="oc-19">
         <name>.debug_info</name>
         <load_address>0x131e1</load_address>
         <run_address>0x131e1</run_address>
         <size>0x250</size>
         <input_file_ref idref="fl-d8"/>
      </object_component>
      <object_component id="oc-31">
         <name>.debug_info</name>
         <load_address>0x13431</load_address>
         <run_address>0x13431</run_address>
         <size>0x60</size>
         <input_file_ref idref="fl-d8"/>
      </object_component>
      <object_component id="oc-b2">
         <name>.debug_info</name>
         <load_address>0x13491</load_address>
         <run_address>0x13491</run_address>
         <size>0x46</size>
         <input_file_ref idref="fl-d8"/>
      </object_component>
      <object_component id="oc-7a">
         <name>.debug_info</name>
         <load_address>0x134d7</load_address>
         <run_address>0x134d7</run_address>
         <size>0x39</size>
         <input_file_ref idref="fl-d8"/>
      </object_component>
      <object_component id="oc-271">
         <name>.debug_info</name>
         <load_address>0x13510</load_address>
         <run_address>0x13510</run_address>
         <size>0x2ba</size>
         <input_file_ref idref="fl-d9"/>
      </object_component>
      <object_component id="oc-26e">
         <name>.debug_info</name>
         <load_address>0x137ca</load_address>
         <run_address>0x137ca</run_address>
         <size>0xfb</size>
         <input_file_ref idref="fl-d9"/>
      </object_component>
      <object_component id="oc-ef">
         <name>.debug_info</name>
         <load_address>0x138c5</load_address>
         <run_address>0x138c5</run_address>
         <size>0x15d</size>
         <input_file_ref idref="fl-d9"/>
      </object_component>
      <object_component id="oc-f5">
         <name>.debug_info</name>
         <load_address>0x13a22</load_address>
         <run_address>0x13a22</run_address>
         <size>0x13d</size>
         <input_file_ref idref="fl-d9"/>
      </object_component>
      <object_component id="oc-376">
         <name>.debug_info</name>
         <load_address>0x13b5f</load_address>
         <run_address>0x13b5f</run_address>
         <size>0x3aa</size>
         <input_file_ref idref="fl-dc"/>
      </object_component>
      <object_component id="oc-373">
         <name>.debug_info</name>
         <load_address>0x13f09</load_address>
         <run_address>0x13f09</run_address>
         <size>0x13a</size>
         <input_file_ref idref="fl-dc"/>
      </object_component>
      <object_component id="oc-289">
         <name>.debug_info</name>
         <load_address>0x14043</load_address>
         <run_address>0x14043</run_address>
         <size>0x72f</size>
         <input_file_ref idref="fl-dc"/>
      </object_component>
      <object_component id="oc-3d4">
         <name>.debug_info</name>
         <load_address>0x14772</load_address>
         <run_address>0x14772</run_address>
         <size>0x39</size>
         <input_file_ref idref="fl-dc"/>
      </object_component>
      <object_component id="oc-378">
         <name>.debug_info</name>
         <load_address>0x147ab</load_address>
         <run_address>0x147ab</run_address>
         <size>0x2c</size>
         <input_file_ref idref="fl-dc"/>
      </object_component>
      <object_component id="oc-25">
         <name>.debug_info</name>
         <load_address>0x147d7</load_address>
         <run_address>0x147d7</run_address>
         <size>0x10b</size>
         <input_file_ref idref="fl-dd"/>
      </object_component>
      <object_component id="oc-5c">
         <name>.debug_info</name>
         <load_address>0x148e2</load_address>
         <run_address>0x148e2</run_address>
         <size>0x1a9</size>
         <input_file_ref idref="fl-dd"/>
      </object_component>
      <object_component id="oc-35f">
         <name>.debug_info</name>
         <load_address>0x14a8b</load_address>
         <run_address>0x14a8b</run_address>
         <size>0x288</size>
         <input_file_ref idref="fl-de"/>
      </object_component>
      <object_component id="oc-27e">
         <name>.debug_info</name>
         <load_address>0x14d13</load_address>
         <run_address>0x14d13</run_address>
         <size>0x327</size>
         <input_file_ref idref="fl-de"/>
      </object_component>
      <object_component id="oc-37e">
         <name>.debug_info</name>
         <load_address>0x1503a</load_address>
         <run_address>0x1503a</run_address>
         <size>0x28d</size>
         <input_file_ref idref="fl-df"/>
      </object_component>
      <object_component id="oc-28f">
         <name>.debug_info</name>
         <load_address>0x152c7</load_address>
         <run_address>0x152c7</run_address>
         <size>0x380</size>
         <input_file_ref idref="fl-df"/>
      </object_component>
      <object_component id="oc-3ce">
         <name>.debug_info</name>
         <load_address>0x15647</load_address>
         <run_address>0x15647</run_address>
         <size>0x28a</size>
         <input_file_ref idref="fl-e0"/>
      </object_component>
      <object_component id="oc-368">
         <name>.debug_info</name>
         <load_address>0x158d1</load_address>
         <run_address>0x158d1</run_address>
         <size>0x22a</size>
         <input_file_ref idref="fl-e0"/>
      </object_component>
      <object_component id="oc-3cc">
         <name>.debug_info</name>
         <load_address>0x15afb</load_address>
         <run_address>0x15afb</run_address>
         <size>0x2f8</size>
         <input_file_ref idref="fl-e1"/>
      </object_component>
      <object_component id="oc-362">
         <name>.debug_info</name>
         <load_address>0x15df3</load_address>
         <run_address>0x15df3</run_address>
         <size>0x225</size>
         <input_file_ref idref="fl-e1"/>
      </object_component>
      <object_component id="oc-3d">
         <name>.debug_info</name>
         <load_address>0x16018</load_address>
         <run_address>0x16018</run_address>
         <size>0x119</size>
         <input_file_ref idref="fl-e2"/>
      </object_component>
      <object_component id="oc-2c1">
         <name>.debug_info</name>
         <load_address>0x16131</load_address>
         <run_address>0x16131</run_address>
         <size>0x4b3</size>
         <input_file_ref idref="fl-e4"/>
      </object_component>
      <object_component id="oc-14e">
         <name>.debug_info</name>
         <load_address>0x165e4</load_address>
         <run_address>0x165e4</run_address>
         <size>0x1a6</size>
         <input_file_ref idref="fl-e4"/>
      </object_component>
      <object_component id="oc-392">
         <name>.debug_info</name>
         <load_address>0x1678a</load_address>
         <run_address>0x1678a</run_address>
         <size>0x39</size>
         <input_file_ref idref="fl-e4"/>
      </object_component>
      <object_component id="oc-3db">
         <name>.debug_info</name>
         <load_address>0x167c3</load_address>
         <run_address>0x167c3</run_address>
         <size>0x39</size>
         <input_file_ref idref="fl-e4"/>
      </object_component>
      <object_component id="oc-397">
         <name>.debug_info</name>
         <load_address>0x167fc</load_address>
         <run_address>0x167fc</run_address>
         <size>0x39</size>
         <input_file_ref idref="fl-e4"/>
      </object_component>
      <object_component id="oc-39c">
         <name>.debug_info</name>
         <load_address>0x16835</load_address>
         <run_address>0x16835</run_address>
         <size>0xcd</size>
         <input_file_ref idref="fl-e4"/>
      </object_component>
      <object_component id="oc-96">
         <name>.debug_info</name>
         <load_address>0x16902</load_address>
         <run_address>0x16902</run_address>
         <size>0x153</size>
         <input_file_ref idref="fl-e5"/>
      </object_component>
      <object_component id="oc-141">
         <name>.debug_info</name>
         <load_address>0x16a55</load_address>
         <run_address>0x16a55</run_address>
         <size>0x122</size>
         <input_file_ref idref="fl-e7"/>
      </object_component>
      <object_component id="oc-357">
         <name>.debug_info</name>
         <load_address>0x16b77</load_address>
         <run_address>0x16b77</run_address>
         <size>0x2c9</size>
         <input_file_ref idref="fl-e8"/>
      </object_component>
      <object_component id="oc-26b">
         <name>.debug_info</name>
         <load_address>0x16e40</load_address>
         <run_address>0x16e40</run_address>
         <size>0x11e</size>
         <input_file_ref idref="fl-e8"/>
      </object_component>
      <object_component id="oc-350">
         <name>.debug_info</name>
         <load_address>0x16f5e</load_address>
         <run_address>0x16f5e</run_address>
         <size>0x12e</size>
         <input_file_ref idref="fl-e8"/>
      </object_component>
      <object_component id="oc-3eb">
         <name>.debug_info</name>
         <load_address>0x1708c</load_address>
         <run_address>0x1708c</run_address>
         <size>0x289</size>
         <input_file_ref idref="fl-ea"/>
      </object_component>
      <object_component id="oc-3e8">
         <name>.debug_info</name>
         <load_address>0x17315</load_address>
         <run_address>0x17315</run_address>
         <size>0x10e</size>
         <input_file_ref idref="fl-ea"/>
      </object_component>
      <object_component id="oc-3c1">
         <name>.debug_info</name>
         <load_address>0x17423</load_address>
         <run_address>0x17423</run_address>
         <size>0x14e</size>
         <input_file_ref idref="fl-ea"/>
      </object_component>
      <object_component id="oc-3c6">
         <name>.debug_info</name>
         <load_address>0x17571</load_address>
         <run_address>0x17571</run_address>
         <size>0x161</size>
         <input_file_ref idref="fl-eb"/>
      </object_component>
      <object_component id="oc-425">
         <name>.debug_info</name>
         <load_address>0x176d2</load_address>
         <run_address>0x176d2</run_address>
         <size>0x96</size>
      </object_component>
      <object_component id="oc-6f">
         <name>.debug_line</name>
         <load_address>0x0</load_address>
         <run_address>0x0</run_address>
         <size>0x41</size>
         <input_file_ref idref="fl-2"/>
      </object_component>
      <object_component id="oc-2e">
         <name>.debug_line</name>
         <load_address>0x41</load_address>
         <run_address>0x41</run_address>
         <size>0x41</size>
         <input_file_ref idref="fl-2"/>
      </object_component>
      <object_component id="oc-2b">
         <name>.debug_line</name>
         <load_address>0x82</load_address>
         <run_address>0x82</run_address>
         <size>0xa1</size>
         <input_file_ref idref="fl-2"/>
      </object_component>
      <object_component id="oc-73">
         <name>.debug_line</name>
         <load_address>0x123</load_address>
         <run_address>0x123</run_address>
         <size>0x6f</size>
         <input_file_ref idref="fl-2"/>
      </object_component>
      <object_component id="oc-39">
         <name>.debug_line</name>
         <load_address>0x192</load_address>
         <run_address>0x192</run_address>
         <size>0x20</size>
         <input_file_ref idref="fl-2"/>
      </object_component>
      <object_component id="oc-b0">
         <name>.debug_line</name>
[...]
         <value>0x15dd</value>
         <object_component_ref idref="oc-e6"/>
      </symbol>
      <symbol id="sm-276">
         <name>ST7735_PlotdBfs</name>
         <value>0x1433</value>
         <object_component_ref idref="oc-e6"/>
      </symbol>
      <symbol id="sm-277">
         <name>ST7735_SetCursor</name>
         <value>0xf27</value>
         <object_component_ref idref="oc-e6"/>
      </symbol>
      <symbol id="sm-278">
         <name>StTextColor</name>
         <value>0x20000478</value>
         <object_component_ref idref="oc-247"/>
      </symbol>
      <symbol id="sm-279">
         <name>ST7735_OutUDec</name>
         <value>0xf4d</value>
         <object_component_ref idref="oc-e6"/>
      </symbol>
      <symbol id="sm-27a">
         <name>fillmessage</name>
         <value>0xee5</value>
         <object_component_ref idref="oc-e6"/>
      </symbol>
      <symbol id="sm-27b">
         <name>ST7735_DrawPixel</name>
         <value>0x5d5</value>
         <object_component_ref idref="oc-e6"/>
      </symbol>
      <symbol id="sm-27c">
         <name>StY</name>
         <value>0x20000474</value>
         <object_component_ref idref="oc-247"/>
      </symbol>
      <symbol id="sm-27d">
         <name>StX</name>
         <value>0x20000470</value>
         <object_component_ref idref="oc-247"/>
      </symbol>
      <symbol id="sm-27e">
         <name>lastj</name>
         <value>0x20000480</value>
         <object_component_ref idref="oc-247"/>
      </symbol>
      <symbol id="sm-27f">
         <name>ST7735_PlotClear</name>
         <value>0x10ab</value>
         <object_component_ref idref="oc-e6"/>
      </symbol>
      <symbol id="sm-280">
         <name>ST7735_PlotNextErase</name>
         <value>0x1497</value>
         <object_component_ref idref="oc-e6"/>
      </symbol>
      <symbol id="sm-281">
         <name>ST7735_DrawBitmap</name>
         <value>0x97f</value>
         <object_component_ref idref="oc-e6"/>
      </symbol>
      <symbol id="sm-282">
         <name>dBfs</name>
         <value>0x5793</value>
         <object_component_ref idref="oc-261"/>
      </symbol>
      <symbol id="sm-283">
         <name>ST7735_SetRotation</name>
         <value>0xfc9</value>
         <object_component_ref idref="oc-e6"/>
      </symbol>
      <symbol id="sm-284">
         <name>ST7735_SwapColor</name>
         <value>0x959</value>
         <object_component_ref idref="oc-e6"/>
      </symbol>
      <symbol id="sm-285">
         <name>ST7735_PlotLine</name>
         <value>0x11cd</value>
         <object_component_ref idref="oc-e6"/>
      </symbol>
      <symbol id="sm-286">
         <name>ST7735_DrawString</name>
         <value>0xe5f</value>
         <object_component_ref idref="oc-e6"/>
      </symbol>
      <symbol id="sm-287">
         <name>ST7735_FillRect</name>
         <value>0x811</value>
         <object_component_ref idref="oc-e6"/>
      </symbol>
      <symbol id="sm-288">
         <name>ST7735_PlotPoint</name>
         <value>0x1107</value>
         <object_component_ref idref="oc-e6"/>
      </symbol>
      <symbol id="sm-289">
         <name>fputc</name>
         <value>0x15bf</value>
         <object_component_ref idref="oc-e6"/>
      </symbol>
      <symbol id="sm-28a">
         <name>fgetc</name>
         <value>0x15d1</value>
         <object_component_ref idref="oc-e6"/>
      </symbol>
      <symbol id="sm-28b">
         <name>ST7735_InvertDisplay</name>
         <value>0x1093</value>
         <object_component_ref idref="oc-e6"/>
      </symbol>
      <symbol id="sm-28c">
         <name>ST7735_DrawFastHLine</name>
         <value>0x721</value>
         <object_component_ref idref="oc-e6"/>
      </symbol>
      <symbol id="sm-28d">
         <name>ST7735_OutString</name>
         <value>0x158d</value>
         <object_component_ref idref="oc-e6"/>
      </symbol>
      <symbol id="sm-2ae">
         <name>ADC_Init</name>
         <value>0x397d</value>
         <object_component_ref idref="oc-ce"/>
      </symbol>
      <symbol id="sm-2af">
         <name>ADC_Read</name>
         <value>0x39f7</value>
         <object_component_ref idref="oc-ce"/>
      </symbol>
      <symbol id="sm-2b0">
         <name>sampleADCData</name>
         <value>0x3a55</value>
         <object_component_ref idref="oc-ce"/>
      </symbol>
      <symbol id="sm-2d0">
         <name>displayPaddle</name>
         <value>0x49cb</value>
         <object_component_ref idref="oc-e0"/>
      </symbol>
      <symbol id="sm-2d1">
         <name>blackBallPixels</name>
         <value>0x5cf0</value>
         <object_component_ref idref="oc-235"/>
      </symbol>
      <symbol id="sm-2d2">
         <name>displayBall</name>
         <value>0x4989</value>
         <object_component_ref idref="oc-e0"/>
      </symbol>
      <symbol id="sm-2d3">
         <name>lcdInit</name>
         <value>0x4979</value>
         <object_component_ref idref="oc-e0"/>
      </symbol>
      <symbol id="sm-2d4">
         <name>whiteBallPixels</name>
         <value>0x5d38</value>
         <object_component_ref idref="oc-238"/>
      </symbol>
      <symbol id="sm-2fe">
         <name>gpioGet</name>
         <value>0x41ed</value>
         <object_component_ref idref="oc-d4"/>
      </symbol>
      <symbol id="sm-2ff">
         <name>GPIOIntHandler</name>
         <value>0x425f</value>
         <object_component_ref idref="oc-d4"/>
      </symbol>
      <symbol id="sm-300">
         <name>enableGpioInterrupt</name>
         <value>0x4225</value>
         <object_component_ref idref="oc-d4"/>
      </symbol>
      <symbol id="sm-301">
         <name>gpioInit</name>
         <value>0x4145</value>
         <object_component_ref idref="oc-d4"/>
      </symbol>
      <symbol id="sm-302">
         <name>gpioSet</name>
         <value>0x4209</value>
         <object_component_ref idref="oc-d4"/>
      </symbol>
      <symbol id="sm-303">
         <name>switchPressed</name>
         <value>0x20000494</value>
         <object_component_ref idref="oc-200"/>
      </symbol>
      <symbol id="sm-342">
         <name>uartInit</name>
         <value>0x375d</value>
         <object_component_ref idref="oc-da"/>
      </symbol>
      <symbol id="sm-343">
         <name>uartTxBytes</name>
         <value>0x389f</value>
         <object_component_ref idref="oc-da"/>
      </symbol>
      <symbol id="sm-344">
         <name>uartTxPacket</name>
         <value>0x38d5</value>
         <object_component_ref idref="oc-da"/>
      </symbol>
      <symbol id="sm-3b6">
         <name>ADCProcessorTrigger</name>
         <value>0x5167</value>
         <object_component_ref idref="oc-1b6"/>
      </symbol>
      <symbol id="sm-3b7">
         <name>ADCSequenceEnable</name>
         <value>0x5203</value>
         <object_component_ref idref="oc-1a4"/>
      </symbol>
      <symbol id="sm-3b8">
         <name>ADCSequenceConfigure</name>
         <value>0x4da9</value>
         <object_component_ref idref="oc-198"/>
      </symbol>
      <symbol id="sm-3b9">
         <name>ADCIntEnable</name>
         <value>0x51d5</value>
         <object_component_ref idref="oc-1aa"/>
      </symbol>
      <symbol id="sm-3ba">
         <name>ADCReferenceSet</name>
         <value>0x521f</value>
         <object_component_ref idref="oc-192"/>
      </symbol>
      <symbol id="sm-3bb">
         <name>ADCSequenceStepConfigure</name>
         <value>0x4b99</value>
         <object_component_ref idref="oc-19e"/>
      </symbol>
      <symbol id="sm-3bc">
         <name>ADCIntClear</name>
         <value>0x524f</value>
         <object_component_ref idref="oc-1b0"/>
      </symbol>
      <symbol id="sm-3bd">
         <name>ADCIntStatus</name>
         <value>0x4fe9</value>
         <object_component_ref idref="oc-1bc"/>
      </symbol>
      <symbol id="sm-3be">
         <name>ADCSequenceDisable</name>
         <value>0x51f5</value>
         <object_component_ref idref="oc-18c"/>
      </symbol>
      <symbol id="sm-3bf">
         <name>ADCSequenceDataGet</name>
         <value>0x50f9</value>
         <object_component_ref idref="oc-1c2"/>
      </symbol>
      <symbol id="sm-439">
         <name>GPIOPinConfigure</name>
         <value>0x4df9</value>
         <object_component_ref idref="oc-209"/>
      </symbol>
      <symbol id="sm-43a">
         <name>GPIOIntEnable</name>
         <value>0x5237</value>
         <object_component_ref idref="oc-1d6"/>
      </symbol>
      <symbol id="sm-43b">
         <name>GPIOIntTypeSet</name>
         <value>0x4d51</value>
         <object_component_ref idref="oc-1dc"/>
      </symbol>
      <symbol id="sm-43c">
         <name>GPIOPinTypeADC</name>
         <value>0x517f</value>
         <object_component_ref idref="oc-186"/>
      </symbol>
      <symbol id="sm-43d">
         <name>GPIOPinTypeGPIOInput</name>
         <value>0x5195</value>
         <object_component_ref idref="oc-1ca"/>
      </symbol>
      <symbol id="sm-43e">
         <name>GPIOIntClear</name>
         <value>0x5275</value>
         <object_component_ref idref="oc-1fa"/>
      </symbol>
      <symbol id="sm-43f">
         <name>GPIOPinTypeUART</name>
         <value>0x51ab</value>
         <object_component_ref idref="oc-20f"/>
      </symbol>
      <symbol id="sm-440">
         <name>GPIOPinTypeGPIOOutput</name>
         <value>0x5133</value>
         <object_component_ref idref="oc-123"/>
      </symbol>
      <symbol id="sm-441">
         <name>GPIOPinRead</name>
         <value>0x527b</value>
         <object_component_ref idref="oc-1d0"/>
      </symbol>
      <symbol id="sm-442">
         <name>GPIODirModeSet</name>
         <value>0x5045</value>
         <object_component_ref idref="oc-2a4"/>
      </symbol>
      <symbol id="sm-443">
         <name>GPIOPinWrite</name>
         <value>0x5281</value>
         <object_component_ref idref="oc-129"/>
      </symbol>
      <symbol id="sm-444">
         <name>GPIOPadConfigSet</name>
         <value>0x3fd9</value>
         <object_component_ref idref="oc-29e"/>
      </symbol>
      <symbol id="sm-48f">
         <name>IntPrioritySet</name>
         <value>0x5071</value>
         <object_component_ref idref="oc-1e2"/>
      </symbol>
      <symbol id="sm-490">
         <name>IntEnable</name>
         <value>0x4c81</value>
         <object_component_ref idref="oc-1ee"/>
      </symbol>
      <symbol id="sm-491">
         <name>IntRegister</name>
         <value>0x4f19</value>
         <object_component_ref idref="oc-1e8"/>
      </symbol>
      <symbol id="sm-492">
         <name>g_pfnRAMVectors</name>
         <value>0x20000000</value>
         <object_component_ref idref="oc-302"/>
      </symbol>
      <symbol id="sm-493">
         <name>IntMasterEnable</name>
         <value>0x51e5</value>
         <object_component_ref idref="oc-1f4"/>
      </symbol>
      <symbol id="sm-4e6">
         <name>SysCtlClockSet</name>
         <value>0x47e9</value>
         <object_component_ref idref="oc-c2"/>
      </symbol>
      <symbol id="sm-4e7">
         <name>SysCtlDelay</name>
         <value>0x5287</value>
         <object_component_ref idref="oc-ec"/>
      </symbol>
      <symbol id="sm-4e8">
         <name>SysCtlPeripheralEnable</name>
         <value>0x4f4d</value>
         <object_component_ref idref="oc-c8"/>
      </symbol>
      <symbol id="sm-4e9">
         <name>SysCtlClockGet</name>
         <value>0x43cd</value>
         <object_component_ref idref="oc-215"/>
      </symbol>
      <symbol id="sm-51b">
         <name>UARTConfigSetExpClk</name>
         <value>0x4e8d</value>
         <object_component_ref idref="oc-21b"/>
      </symbol>
      <symbol id="sm-51c">
         <name>UARTDisable</name>
         <value>0x50b9</value>
         <object_component_ref idref="oc-31e"/>
      </symbol>
      <symbol id="sm-51d">
         <name>UARTBusy</name>
         <value>0x5263</value>
         <object_component_ref idref="oc-227"/>
      </symbol>
      <symbol id="sm-51e">
         <name>UARTCharPut</name>
         <value>0x5259</value>
         <object_component_ref idref="oc-221"/>
      </symbol>
      <symbol id="sm-51f">
         <name>UARTEnable</name>
         <value>0x51c1</value>
         <object_component_ref idref="oc-324"/>
      </symbol>
      <symbol id="sm-529">
         <name>CPUcpsie</name>
         <value>0x522b</value>
         <object_component_ref idref="oc-30a"/>
      </symbol>
      <symbol id="sm-584">
         <name>cosl</name>
         <value>0x3181</value>
         <object_component_ref idref="oc-112"/>
      </symbol>
      <symbol id="sm-585">
         <name>cos</name>
         <value>0x3181</value>
         <object_component_ref idref="oc-112"/>
      </symbol>
      <symbol id="sm-5d5">
         <name>sin</name>
         <value>0x2ba1</value>
         <object_component_ref idref="oc-11d"/>
      </symbol>
      <symbol id="sm-5d6">
         <name>sinl</name>
         <value>0x2ba1</value>
         <object_component_ref idref="oc-11d"/>
      </symbol>
      <symbol id="sm-5ed">
         <name>__aeabi_dsub</name>
         <value>0x3b3d</value>
         <object_component_ref idref="oc-103"/>
      </symbol>
      <symbol id="sm-5ee">
         <name>__aeabi_dadd</name>
         <value>0x3b47</value>
         <object_component_ref idref="oc-103"/>
      </symbol>
      <symbol id="sm-610">
         <name>__aeabi_cdcmpeq</name>
         <value>0x4a8d</value>
         <object_component_ref idref="oc-283"/>
      </symbol>
      <symbol id="sm-611">
         <name>__aeabi_cdcmple</name>
         <value>0x4a8d</value>
         <object_component_ref idref="oc-283"/>
      </symbol>
      <symbol id="sm-612">
         <name>__aeabi_cdrcmple</name>
         <value>0x4b13</value>
         <object_component_ref idref="oc-36d"/>
      </symbol>
      <symbol id="sm-626">
         <name>__aeabi_ddiv</name>
         <value>0x4295</value>
         <object_component_ref idref="oc-fe"/>
      </symbol>
      <symbol id="sm-631">
         <name>__aeabi_dmul</name>
         <value>0x45f5</value>
         <object_component_ref idref="oc-118"/>
      </symbol>
      <symbol id="sm-63b">
         <name>__aeabi_d2iz</name>
         <value>0x4e45</value>
         <object_component_ref idref="oc-278"/>
      </symbol>
      <symbol id="sm-647">
         <name>__aeabi_d2f</name>
         <value>0x4c13</value>
         <object_component_ref idref="oc-108"/>
      </symbol>
      <symbol id="sm-651">
         <name>__aeabi_i2d</name>
         <value>0x5017</value>
         <object_component_ref idref="oc-f9"/>
      </symbol>
      <symbol id="sm-65b">
         <name>__aeabi_ui2d</name>
         <value>0x50d9</value>
         <object_component_ref idref="oc-10d"/>
      </symbol>
      <symbol id="sm-66f">
         <name>__TI_zero_init_nomemset</name>
         <value>0x5117</value>
         <object_component_ref idref="oc-47"/>
      </symbol>
      <symbol id="sm-686">
         <name>__TI_decompress_none</name>
         <value>0x5211</value>
         <object_component_ref idref="oc-1b"/>
      </symbol>
      <symbol id="sm-6a9">
         <name>__TI_decompress_lzss</name>
         <value>0x4ce9</value>
         <object_component_ref idref="oc-15"/>
      </symbol>
      <symbol id="sm-6ce">
         <name>rand</name>
         <value>0x4fb5</value>
         <object_component_ref idref="oc-f3"/>
      </symbol>
      <symbol id="sm-6cf">
         <name>srand</name>
         <value>0x5095</value>
         <object_component_ref idref="oc-ed"/>
      </symbol>
      <symbol id="sm-741">
         <name>__kernel_rem_pio2</name>
         <value>0x2469</value>
         <object_component_ref idref="oc-288"/>
      </symbol>
      <symbol id="sm-754">
         <name>__stack</name>
         <value>0x20000270</value>
         <object_component_ref idref="oc-24"/>
      </symbol>
      <symbol id="sm-755">
         <name>_c_int00_noargs</name>
         <value>0x4f81</value>
         <object_component_ref idref="oc-59"/>
      </symbol>
      <symbol id="sm-76b">
         <name>__kernel_cos</name>
         <value>0x3e69</value>
         <object_component_ref idref="oc-27d"/>
      </symbol>
      <symbol id="sm-782">
         <name>__kernel_sin</name>
         <value>0x3cf5</value>
         <object_component_ref idref="oc-28e"/>
      </symbol>
      <symbol id="sm-79f">
         <name>floorl</name>
         <value>0x46f1</value>
         <object_component_ref idref="oc-367"/>
      </symbol>
      <symbol id="sm-7a0">
         <name>floor</name>
         <value>0x46f1</value>
         <object_component_ref idref="oc-367"/>
      </symbol>
      <symbol id="sm-7bd">
         <name>scalbn</name>
         <value>0x44e5</value>
         <object_component_ref idref="oc-361"/>
      </symbol>
      <symbol id="sm-7be">
         <name>scalbnl</name>
         <value>0x44e5</value>
         <object_component_ref idref="oc-361"/>
      </symbol>
      <symbol id="sm-7bf">
         <name>ldexpl</name>
         <value>0x44e5</value>
         <object_component_ref idref="oc-361"/>
      </symbol>
      <symbol id="sm-7c0">
         <name>ldexp</name>
         <value>0x44e5</value>
         <object_component_ref idref="oc-361"/>
      </symbol>
      <symbol id="sm-7db">
         <name>memcpy</name>
         <value>0x48dd</value>
         <object_component_ref idref="oc-3b"/>
      </symbol>
      <symbol id="sm-7dc">
         <name>__aeabi_memcpy</name>
         <value>0x48dd</value>
         <object_component_ref idref="oc-3b"/>
      </symbol>
      <symbol id="sm-7dd">
         <name>__aeabi_memcpy8</name>
         <value>0x48dd</value>
         <object_component_ref idref="oc-3b"/>
      </symbol>
      <symbol id="sm-7de">
         <name>__aeabi_memcpy4</name>
         <value>0x48dd</value>
         <object_component_ref idref="oc-3b"/>
      </symbol>
      <symbol id="sm-807">
         <name>__TI_auto_init_nobinit_nopinit</name>
         <value>0x4ed5</value>
         <object_component_ref idref="oc-14c"/>
      </symbol>
      <symbol id="sm-811">
         <name>_system_pre_init</name>
         <value>0x528d</value>
         <object_component_ref idref="oc-95"/>
      </symbol>
      <symbol id="sm-81d">
         <name>C$$EXIT</name>
         <value>0x5291</value>
         <object_component_ref idref="oc-140"/>
      </symbol>
      <symbol id="sm-81e">
         <name>abort</name>
         <value>0x5291</value>
         <object_component_ref idref="oc-140"/>
      </symbol>
      <symbol id="sm-833">
         <name>_nop</name>
         <value>0x3cf3</value>
         <object_component_ref idref="oc-34f"/>
      </symbol>
      <symbol id="sm-834">
         <name>_lock</name>
         <value>0x20000484</value>
         <object_component_ref idref="oc-26a"/>
      </symbol>
      <symbol id="sm-835">
         <name>_unlock</name>
         <value>0x20000488</value>
         <object_component_ref idref="oc-26a"/>
      </symbol>
      <symbol id="sm-84c">
         <name>__aeabi_errno_addr</name>
         <value>0x526d</value>
         <object_component_ref idref="oc-3bf"/>
      </symbol>
      <symbol id="sm-84d">
         <name>errno</name>
         <value>0x2000048c</value>
         <object_component_ref idref="oc-3e7"/>
      </symbol>
      <symbol id="sm-857">
         <name>copysign</name>
         <value>0x514d</value>
         <object_component_ref idref="oc-3c5"/>
      </symbol>
      <symbol id="sm-858">
         <name>copysignl</name>
         <value>0x514d</value>
         <object_component_ref idref="oc-3c5"/>
      </symbol>
      <symbol id="sm-859">
         <name>__TI_static_base__</name>
         <value>0x0</value>
      </symbol>
      <symbol id="sm-85c">
         <name>__mpu_init</name>
         <value>0x0</value>
      </symbol>
      <symbol id="sm-85d">
         <name>_system_post_cinit</name>
         <value>0x0</value>
      </symbol>
   </symbol_table>
   <title>Link successful</title>
</link_info>
